// Vitest Snapshot v1, https://vitest.dev/guide/snapshot.html

exports[`config tier coverage > keeps the curated common leaf set reviewable 1`] = `
[
  "acp.allowedAgents.*",
  "agents.defaults.compaction.memoryFlush.model",
  "agents.defaults.compaction.model",
  "agents.defaults.elevatedDefault",
  "agents.defaults.embeddedAgent.projectSettingsPolicy",
  "agents.defaults.fastModeDefault",
  "agents.defaults.heartbeat.accountId",
  "agents.defaults.heartbeat.activeHours.end",
  "agents.defaults.heartbeat.activeHours.start",
  "agents.defaults.heartbeat.activeHours.timezone",
  "agents.defaults.heartbeat.directPolicy",
  "agents.defaults.heartbeat.model",
  "agents.defaults.heartbeat.target",
  "agents.defaults.heartbeat.to",
  "agents.defaults.imageModel.primary",
  "agents.defaults.mediaModels.image",
  "agents.defaults.mediaModels.image.fallbacks.*",
  "agents.defaults.mediaModels.image.primary",
  "agents.defaults.mediaModels.music",
  "agents.defaults.mediaModels.music.fallbacks.*",
  "agents.defaults.mediaModels.music.primary",
  "agents.defaults.mediaModels.video",
  "agents.defaults.mediaModels.video.fallbacks.*",
  "agents.defaults.mediaModels.video.primary",
  "agents.defaults.model",
  "agents.defaults.model.fallbacks.*",
  "agents.defaults.model.primary",
  "agents.defaults.modelPolicy.allow.*",
  "agents.defaults.pdfModel.primary",
  "agents.defaults.sandbox.browser.enabled",
  "agents.defaults.sandbox.docker.network",
  "agents.defaults.sandbox.mode",
  "agents.defaults.sandbox.sessionToolsVisibility",
  "agents.defaults.sandbox.ssh.workspaceRoot",
  "agents.defaults.sandbox.workspaceAccess",
  "agents.defaults.sandbox.workspaceRoot",
  "agents.defaults.skills.*",
  "agents.defaults.subagents.allowAgents.*",
  "agents.defaults.subagents.model",
  "agents.defaults.subagents.model.fallbacks.*",
  "agents.defaults.subagents.model.primary",
  "agents.defaults.subagents.requireAgentId",
  "agents.defaults.thinkingDefault",
  "agents.defaults.userTimezone",
  "agents.defaults.voiceModel.primary",
  "agents.defaults.workspace",
  "agents.entries.*.default",
  "agents.entries.*.groupChat.mentionPatterns.*",
  "agents.entries.*.groupChat.unmentionedInbound",
  "agents.entries.*.heartbeat.model",
  "agents.entries.*.identity.avatar",
  "agents.entries.*.identity.emoji",
  "agents.entries.*.identity.name",
  "agents.entries.*.identity.theme",
  "agents.entries.*.memory.search.enabled",
  "agents.entries.*.memory.search.model",
  "agents.entries.*.memory.search.provider",
  "agents.entries.*.memory.search.rememberAcrossConversations",
  "agents.entries.*.memory.search.remote.apiKey",
  "agents.entries.*.memory.search.remote.apiKey.id",
  "agents.entries.*.memory.search.remote.apiKey.provider",
  "agents.entries.*.memory.search.remote.apiKey.source",
  "agents.entries.*.model",
  "agents.entries.*.model.fallbacks.*",
  "agents.entries.*.model.primary",
  "agents.entries.*.name",
  "agents.entries.*.runtime.acp.agent",
  "agents.entries.*.runtime.type",
  "agents.entries.*.sandbox.ssh.workspaceRoot",
  "agents.entries.*.sandbox.workspaceRoot",
  "agents.entries.*.subagents.model",
  "agents.entries.*.subagents.model.fallbacks.*",
  "agents.entries.*.subagents.model.primary",
  "agents.entries.*.tools.alsoAllow.*",
  "agents.entries.*.tools.deny.*",
  "agents.entries.*.tools.exec.applyPatch.workspaceOnly",
  "agents.entries.*.tools.exec.host",
  "agents.entries.*.tools.exec.mode",
  "agents.entries.*.tools.exec.reviewer.model",
  "agents.entries.*.tools.exec.reviewer.model.fallbacks.*",
  "agents.entries.*.tools.exec.reviewer.model.primary",
  "agents.entries.*.tools.exec.strictInlineEval",
  "agents.entries.*.tools.fs.workspaceOnly",
  "agents.entries.*.tools.message.actions.allow.*",
  "agents.entries.*.tools.message.broadcast.enabled",
  "agents.entries.*.tools.message.crossContext.allowAcrossProviders",
  "agents.entries.*.tools.message.crossContext.allowWithinProvider",
  "agents.entries.*.tools.message.crossContext.marker.enabled",
  "agents.entries.*.tools.message.crossContext.marker.prefix",
  "agents.entries.*.tools.message.crossContext.marker.suffix",
  "agents.entries.*.tools.profile",
  "agents.entries.*.tools.sandbox.tools.alsoAllow.*",
  "agents.entries.*.tools.sandbox.tools.deny.*",
  "agents.entries.*.tts.auto",
  "agents.entries.*.tts.modelOverrides.allowModelId",
  "agents.entries.*.tts.modelOverrides.allowNormalization",
  "agents.entries.*.tts.modelOverrides.allowProvider",
  "agents.entries.*.tts.modelOverrides.allowSeed",
  "agents.entries.*.tts.modelOverrides.allowText",
  "agents.entries.*.tts.modelOverrides.allowVoice",
  "agents.entries.*.tts.modelOverrides.allowVoiceSettings",
  "agents.entries.*.tts.modelOverrides.enabled",
  "agents.entries.*.tts.persona",
  "agents.entries.*.tts.personas.*.providers.*.apiKey",
  "agents.entries.*.tts.personas.*.providers.*.apiKey.id",
  "agents.entries.*.tts.personas.*.providers.*.apiKey.provider",
  "agents.entries.*.tts.personas.*.providers.*.apiKey.source",
  "agents.entries.*.tts.provider",
  "agents.entries.*.tts.providers.*.apiKey",
  "agents.entries.*.tts.providers.*.apiKey.id",
  "agents.entries.*.tts.providers.*.apiKey.provider",
  "agents.entries.*.tts.providers.*.apiKey.source",
  "agents.entries.*.workspace",
  "auth.profiles.*.mode",
  "auth.profiles.*.provider",
  "bindings.*.acp.backend",
  "bindings.*.acp.cwd",
  "bindings.*.acp.label",
  "bindings.*.acp.mode",
  "bindings.*.agentId",
  "bindings.*.comment",
  "bindings.*.match.accountId",
  "bindings.*.match.channel",
  "bindings.*.match.guildId",
  "bindings.*.match.peer.id",
  "bindings.*.match.peer.kind",
  "bindings.*.match.roles.*",
  "bindings.*.match.teamId",
  "bindings.*.session.dmScope",
  "bindings.*.type",
  "browser.allowSystemProfileImport",
  "browser.defaultProfile",
  "browser.enabled",
  "browser.evaluateEnabled",
  "browser.ssrfPolicy.allowedHostnames.*",
  "browser.ssrfPolicy.dangerouslyAllowPrivateNetwork",
  "commands.bash",
  "commands.config",
  "commands.debug",
  "commands.mcp",
  "commands.native",
  "commands.nativeSkills",
  "commands.plugins",
  "commands.restart",
  "commands.text",
  "cron.enabled",
  "env.vars.*",
  "gateway.auth.mode",
  "gateway.auth.password",
  "gateway.auth.password.id",
  "gateway.auth.password.provider",
  "gateway.auth.password.source",
  "gateway.auth.token",
  "gateway.auth.token.id",
  "gateway.auth.token.provider",
  "gateway.auth.token.source",
  "gateway.auth.trustedProxy.allowUsers.*",
  "gateway.auth.trustedProxy.userHeader",
  "gateway.bind",
  "gateway.controlUi.allowedOrigins.*",
  "gateway.http.endpoints.chatCompletions.images.urlAllowlist.*",
  "gateway.http.endpoints.responses.files.urlAllowlist.*",
  "gateway.http.endpoints.responses.images.urlAllowlist.*",
  "gateway.mode",
  "gateway.nodes.allowSkills",
  "gateway.nodes.pairing.autoApproveCidrs.*",
  "gateway.nodes.pairing.autoApproveLocal",
  "gateway.nodes.pluginTools.enabled",
  "gateway.port",
  "gateway.remote.password",
  "gateway.remote.password.id",
  "gateway.remote.password.provider",
  "gateway.remote.password.source",
  "gateway.remote.sshTarget",
  "gateway.remote.tlsFingerprint",
  "gateway.remote.token",
  "gateway.remote.token.id",
  "gateway.remote.token.provider",
  "gateway.remote.token.source",
  "gateway.remote.transport",
  "gateway.remote.url",
  "gateway.tailscale.mode",
  "gateway.trustedProxies.*",
  "hooks.allowedAgentIds.*",
  "hooks.enabled",
  "hooks.gmail.account",
  "hooks.gmail.label",
  "hooks.gmail.model",
  "hooks.gmail.pushToken",
  "hooks.gmail.serve.port",
  "hooks.gmail.subscription",
  "hooks.gmail.topic",
  "hooks.internal.entries.*.enabled",
  "hooks.mappings.*.agentId",
  "hooks.mappings.*.model",
  "hooks.token",
  "mcp.apps.enabled",
  "mcp.servers.*.args.*",
  "mcp.servers.*.auth",
  "mcp.servers.*.command",
  "mcp.servers.*.cwd",
  "mcp.servers.*.enabled",
  "mcp.servers.*.oauth.authProfileId",
  "mcp.servers.*.transport",
  "mcp.servers.*.url",
  "memory.qmd.scope.default",
  "memory.qmd.scope.rules.*.action",
  "memory.search.enabled",
  "memory.search.model",
  "memory.search.provider",
  "memory.search.rememberAcrossConversations",
  "memory.search.remote.apiKey",
  "memory.search.remote.apiKey.id",
  "memory.search.remote.apiKey.provider",
  "memory.search.remote.apiKey.source",
  "memory.search.sources.*",
  "messages.ackReaction",
  "messages.ackReactionScope",
  "messages.groupChat.mentionPatterns.*",
  "messages.groupChat.unmentionedInbound",
  "messages.groupChat.visibleReplies",
  "messages.queue.byChannel.discord",
  "messages.queue.byChannel.googlechat",
  "messages.queue.byChannel.imessage",
  "messages.queue.byChannel.irc",
  "messages.queue.byChannel.matrix",
  "messages.queue.byChannel.mattermost",
  "messages.queue.byChannel.msteams",
  "messages.queue.byChannel.signal",
  "messages.queue.byChannel.slack",
  "messages.queue.byChannel.telegram",
  "messages.queue.byChannel.webchat",
  "messages.queue.byChannel.whatsapp",
  "messages.queue.drop",
  "messages.queue.mode",
  "messages.responsePrefix",
  "messages.responseUsage",
  "messages.responseUsage.*",
  "messages.statusReactions.enabled",
  "messages.suppressToolErrors",
  "messages.usageTemplate",
  "messages.usageTemplate.*",
  "messages.visibleReplies",
  "models.providers.*.api",
  "models.providers.*.apiKey",
  "models.providers.*.apiKey.id",
  "models.providers.*.apiKey.provider",
  "models.providers.*.apiKey.source",
  "models.providers.*.auth",
  "models.providers.*.baseUrl",
  "models.providers.*.models.*.id",
  "models.providers.*.request.auth.token",
  "models.providers.*.request.auth.token.id",
  "models.providers.*.request.auth.token.provider",
  "models.providers.*.request.auth.token.source",
  "nodeHost.browserProxy.allowProfiles.*",
  "nodeHost.mcp.servers.*.args.*",
  "nodeHost.mcp.servers.*.command",
  "nodeHost.mcp.servers.*.transport",
  "nodeHost.mcp.servers.*.url",
  "plugins.allow.*",
  "plugins.entries.*.config.*",
  "plugins.entries.*.enabled",
  "plugins.slots.contextEngine",
  "plugins.slots.memory",
  "secrets.providers.*.command",
  "secrets.providers.*.path",
  "secrets.providers.*.source",
  "session.dmScope",
  "session.identityLinks.*.*",
  "session.mainKey",
  "session.maintenance.mode",
  "session.reset.mode",
  "session.resetByChannel.*.mode",
  "session.resetByType.direct.mode",
  "session.resetByType.group.mode",
  "session.resetByType.thread.mode",
  "session.resetTriggers.*",
  "session.scope",
  "session.sendPolicy.default",
  "session.sendPolicy.rules.*.action",
  "session.sendPolicy.rules.*.match.channel",
  "session.sendPolicy.rules.*.match.chatType",
  "session.sendPolicy.rules.*.match.keyPrefix",
  "session.sendPolicy.rules.*.match.rawKeyPrefix",
  "session.sharing.drafts",
  "session.sharing.readOnly",
  "session.sharing.suggest",
  "session.store",
  "session.threadBindings.defaultSpawnContext",
  "session.threadBindings.enabled",
  "session.threadBindings.spawnSessions",
  "skills.allowBundled.*",
  "skills.entries.*.apiKey",
  "skills.entries.*.apiKey.id",
  "skills.entries.*.apiKey.provider",
  "skills.entries.*.apiKey.source",
  "skills.entries.*.config.*",
  "skills.entries.*.enabled",
  "skills.entries.*.env.*",
  "skills.install.allowUploadedArchives",
  "skills.install.nodeManager",
  "skills.load.allowSymlinkTargets.*",
  "skills.load.extraDirs.*",
  "skills.workshop.approvalPolicy",
  "skills.workshop.autonomous.mode",
  "talk.provider",
  "talk.providers.*.apiKey",
  "talk.providers.*.apiKey.id",
  "talk.providers.*.apiKey.provider",
  "talk.providers.*.apiKey.source",
  "talk.realtime.brain",
  "talk.realtime.mode",
  "talk.realtime.model",
  "talk.realtime.provider",
  "talk.realtime.providers.*.apiKey",
  "talk.realtime.providers.*.apiKey.id",
  "talk.realtime.providers.*.apiKey.provider",
  "talk.realtime.providers.*.apiKey.source",
  "talk.realtime.speakerVoice",
  "talk.speechLocale",
  "tools.alsoAllow.*",
  "tools.deny.*",
  "tools.exec.applyPatch.allowModels.*",
  "tools.exec.applyPatch.enabled",
  "tools.exec.applyPatch.workspaceOnly",
  "tools.exec.ask",
  "tools.exec.commandHighlighting",
  "tools.exec.host",
  "tools.exec.mode",
  "tools.exec.node",
  "tools.exec.notifyOnExit",
  "tools.exec.notifyOnExitEmptySuccess",
  "tools.exec.pathPrepend.*",
  "tools.exec.reviewer.model",
  "tools.exec.reviewer.model.fallbacks.*",
  "tools.exec.reviewer.model.primary",
  "tools.exec.safeBinProfiles.*.allowedValueFlags.*",
  "tools.exec.safeBinProfiles.*.deniedFlags.*",
  "tools.exec.safeBinTrustedDirs.*",
  "tools.exec.safeBins.*",
  "tools.exec.security",
  "tools.exec.strictInlineEval",
  "tools.fs.workspaceOnly",
  "tools.media.audio.attachments.mode",
  "tools.media.audio.attachments.prefer",
  "tools.media.audio.baseUrl",
  "tools.media.audio.echoFormat",
  "tools.media.audio.echoTranscript",
  "tools.media.audio.enabled",
  "tools.media.audio.headers.*",
  "tools.media.audio.language",
  "tools.media.audio.preferredModel",
  "tools.media.audio.prompt",
  "tools.media.audio.request.auth.headerName",
  "tools.media.audio.request.auth.mode",
  "tools.media.audio.request.auth.prefix",
  "tools.media.audio.request.auth.token",
  "tools.media.audio.request.auth.token.id",
  "tools.media.audio.request.auth.token.provider",
  "tools.media.audio.request.auth.token.source",
  "tools.media.audio.request.auth.value",
  "tools.media.audio.request.auth.value.id",
  "tools.media.audio.request.auth.value.provider",
  "tools.media.audio.request.auth.value.source",
  "tools.media.audio.request.headers.*",
  "tools.media.audio.request.headers.*.id",
  "tools.media.audio.request.headers.*.provider",
  "tools.media.audio.request.headers.*.source",
  "tools.media.audio.request.proxy.mode",
  "tools.media.audio.request.proxy.tls.ca",
  "tools.media.audio.request.proxy.tls.ca.id",
  "tools.media.audio.request.proxy.tls.ca.provider",
  "tools.media.audio.request.proxy.tls.ca.source",
  "tools.media.audio.request.proxy.tls.cert",
  "tools.media.audio.request.proxy.tls.cert.id",
  "tools.media.audio.request.proxy.tls.cert.provider",
  "tools.media.audio.request.proxy.tls.cert.source",
  "tools.media.audio.request.proxy.tls.insecureSkipVerify",
  "tools.media.audio.request.proxy.tls.key",
  "tools.media.audio.request.proxy.tls.key.id",
  "tools.media.audio.request.proxy.tls.key.provider",
  "tools.media.audio.request.proxy.tls.key.source",
  "tools.media.audio.request.proxy.tls.passphrase",
  "tools.media.audio.request.proxy.tls.passphrase.id",
  "tools.media.audio.request.proxy.tls.passphrase.provider",
  "tools.media.audio.request.proxy.tls.passphrase.source",
  "tools.media.audio.request.proxy.tls.serverName",
  "tools.media.audio.request.proxy.url",
  "tools.media.audio.request.tls.ca",
  "tools.media.audio.request.tls.ca.id",
  "tools.media.audio.request.tls.ca.provider",
  "tools.media.audio.request.tls.ca.source",
  "tools.media.audio.request.tls.cert",
  "tools.media.audio.request.tls.cert.id",
  "tools.media.audio.request.tls.cert.provider",
  "tools.media.audio.request.tls.cert.source",
  "tools.media.audio.request.tls.insecureSkipVerify",
  "tools.media.audio.request.tls.key",
  "tools.media.audio.request.tls.key.id",
  "tools.media.audio.request.tls.key.provider",
  "tools.media.audio.request.tls.key.source",
  "tools.media.audio.request.tls.passphrase",
  "tools.media.audio.request.tls.passphrase.id",
  "tools.media.audio.request.tls.passphrase.provider",
  "tools.media.audio.request.tls.passphrase.source",
  "tools.media.audio.request.tls.serverName",
  "tools.media.audio.scope.default",
  "tools.media.audio.scope.rules.*.action",
  "tools.media.audio.scope.rules.*.match.channel",
  "tools.media.audio.scope.rules.*.match.chatType",
  "tools.media.audio.scope.rules.*.match.keyPrefix",
  "tools.media.audio.scope.rules.*.match.rawKeyPrefix",
  "tools.media.image.attachments.mode",
  "tools.media.image.attachments.prefer",
  "tools.media.image.baseUrl",
  "tools.media.image.enabled",
  "tools.media.image.headers.*",
  "tools.media.image.language",
  "tools.media.image.preferredModel",
  "tools.media.image.prompt",
  "tools.media.image.request.auth.headerName",
  "tools.media.image.request.auth.mode",
  "tools.media.image.request.auth.prefix",
  "tools.media.image.request.auth.token",
  "tools.media.image.request.auth.token.id",
  "tools.media.image.request.auth.token.provider",
  "tools.media.image.request.auth.token.source",
  "tools.media.image.request.auth.value",
  "tools.media.image.request.auth.value.id",
  "tools.media.image.request.auth.value.provider",
  "tools.media.image.request.auth.value.source",
  "tools.media.image.request.headers.*",
  "tools.media.image.request.headers.*.id",
  "tools.media.image.request.headers.*.provider",
  "tools.media.image.request.headers.*.source",
  "tools.media.image.request.proxy.mode",
  "tools.media.image.request.proxy.tls.ca",
  "tools.media.image.request.proxy.tls.ca.id",
  "tools.media.image.request.proxy.tls.ca.provider",
  "tools.media.image.request.proxy.tls.ca.source",
  "tools.media.image.request.proxy.tls.cert",
  "tools.media.image.request.proxy.tls.cert.id",
  "tools.media.image.request.proxy.tls.cert.provider",
  "tools.media.image.request.proxy.tls.cert.source",
  "tools.media.image.request.proxy.tls.insecureSkipVerify",
  "tools.media.image.request.proxy.tls.key",
  "tools.media.image.request.proxy.tls.key.id",
  "tools.media.image.request.proxy.tls.key.provider",
  "tools.media.image.request.proxy.tls.key.source",
  "tools.media.image.request.proxy.tls.passphrase",
  "tools.media.image.request.proxy.tls.passphrase.id",
  "tools.media.image.request.proxy.tls.passphrase.provider",
  "tools.media.image.request.proxy.tls.passphrase.source",
  "tools.media.image.request.proxy.tls.serverName",
  "tools.media.image.request.proxy.url",
  "tools.media.image.request.tls.ca",
  "tools.media.image.request.tls.ca.id",
  "tools.media.image.request.tls.ca.provider",
  "tools.media.image.request.tls.ca.source",
  "tools.media.image.request.tls.cert",
  "tools.media.image.request.tls.cert.id",
  "tools.media.image.request.tls.cert.provider",
  "tools.media.image.request.tls.cert.source",
  "tools.media.image.request.tls.insecureSkipVerify",
  "tools.media.image.request.tls.key",
  "tools.media.image.request.tls.key.id",
  "tools.media.image.request.tls.key.provider",
  "tools.media.image.request.tls.key.source",
  "tools.media.image.request.tls.passphrase",
  "tools.media.image.request.tls.passphrase.id",
  "tools.media.image.request.tls.passphrase.provider",
  "tools.media.image.request.tls.passphrase.source",
  "tools.media.image.request.tls.serverName",
  "tools.media.image.scope.default",
  "tools.media.image.scope.rules.*.action",
  "tools.media.image.scope.rules.*.match.channel",
  "tools.media.image.scope.rules.*.match.chatType",
  "tools.media.image.scope.rules.*.match.keyPrefix",
  "tools.media.image.scope.rules.*.match.rawKeyPrefix",
  "tools.media.models.*.model",
  "tools.media.models.*.request.auth.token",
  "tools.media.models.*.request.auth.token.id",
  "tools.media.models.*.request.auth.token.provider",
  "tools.media.models.*.request.auth.token.source",
  "tools.media.video.attachments.mode",
  "tools.media.video.attachments.prefer",
  "tools.media.video.baseUrl",
  "tools.media.video.enabled",
  "tools.media.video.headers.*",
  "tools.media.video.language",
  "tools.media.video.preferredModel",
  "tools.media.video.prompt",
  "tools.media.video.request.auth.headerName",
  "tools.media.video.request.auth.mode",
  "tools.media.video.request.auth.prefix",
  "tools.media.video.request.auth.token",
  "tools.media.video.request.auth.token.id",
  "tools.media.video.request.auth.token.provider",
  "tools.media.video.request.auth.token.source",
  "tools.media.video.request.auth.value",
  "tools.media.video.request.auth.value.id",
  "tools.media.video.request.auth.value.provider",
  "tools.media.video.request.auth.value.source",
  "tools.media.video.request.headers.*",
  "tools.media.video.request.headers.*.id",
  "tools.media.video.request.headers.*.provider",
  "tools.media.video.request.headers.*.source",
  "tools.media.video.request.proxy.mode",
  "tools.media.video.request.proxy.tls.ca",
  "tools.media.video.request.proxy.tls.ca.id",
  "tools.media.video.request.proxy.tls.ca.provider",
  "tools.media.video.request.proxy.tls.ca.source",
  "tools.media.video.request.proxy.tls.cert",
  "tools.media.video.request.proxy.tls.cert.id",
  "tools.media.video.request.proxy.tls.cert.provider",
  "tools.media.video.request.proxy.tls.cert.source",
  "tools.media.video.request.proxy.tls.insecureSkipVerify",
  "tools.media.video.request.proxy.tls.key",
  "tools.media.video.request.proxy.tls.key.id",
  "tools.media.video.request.proxy.tls.key.provider",
  "tools.media.video.request.proxy.tls.key.source",
  "tools.media.video.request.proxy.tls.passphrase",
  "tools.media.video.request.proxy.tls.passphrase.id",
  "tools.media.video.request.proxy.tls.passphrase.provider",
  "tools.media.video.request.proxy.tls.passphrase.source",
  "tools.media.video.request.proxy.tls.serverName",
  "tools.media.video.request.proxy.url",
  "tools.media.video.request.tls.ca",
  "tools.media.video.request.tls.ca.id",
  "tools.media.video.request.tls.ca.provider",
  "tools.media.video.request.tls.ca.source",
  "tools.media.video.request.tls.cert",
  "tools.media.video.request.tls.cert.id",
  "tools.media.video.request.tls.cert.provider",
  "tools.media.video.request.tls.cert.source",
  "tools.media.video.request.tls.insecureSkipVerify",
  "tools.media.video.request.tls.key",
  "tools.media.video.request.tls.key.id",
  "tools.media.video.request.tls.key.provider",
  "tools.media.video.request.tls.key.source",
  "tools.media.video.request.tls.passphrase",
  "tools.media.video.request.tls.passphrase.id",
  "tools.media.video.request.tls.passphrase.provider",
  "tools.media.video.request.tls.passphrase.source",
  "tools.media.video.request.tls.serverName",
  "tools.media.video.scope.default",
  "tools.media.video.scope.rules.*.action",
  "tools.media.video.scope.rules.*.match.channel",
  "tools.media.video.scope.rules.*.match.chatType",
  "tools.media.video.scope.rules.*.match.keyPrefix",
  "tools.media.video.scope.rules.*.match.rawKeyPrefix",
  "tools.message.actions.allow.*",
  "tools.message.broadcast.enabled",
  "tools.message.crossContext.allowAcrossProviders",
  "tools.message.crossContext.allowWithinProvider",
  "tools.message.crossContext.marker.enabled",
  "tools.message.crossContext.marker.prefix",
  "tools.message.crossContext.marker.suffix",
  "tools.profile",
  "tools.sessions.visibility",
  "tools.web.fetch.enabled",
  "tools.web.fetch.headers.*",
  "tools.web.fetch.provider",
  "tools.web.fetch.readability",
  "tools.web.fetch.ssrfPolicy.allowIpv6UniqueLocalRange",
  "tools.web.fetch.ssrfPolicy.allowRfc2544BenchmarkRange",
  "tools.web.fetch.ssrfPolicy.allowedHostnames.*",
  "tools.web.fetch.ssrfPolicy.dangerouslyAllowPrivateNetwork",
  "tools.web.fetch.useTrustedEnvProxy",
  "tools.web.fetch.userAgent",
  "tools.web.search.*",
  "tools.web.search.enabled",
  "tools.web.search.openaiCodex.allowedDomains.*",
  "tools.web.search.openaiCodex.contextSize",
  "tools.web.search.openaiCodex.enabled",
  "tools.web.search.openaiCodex.mode",
  "tools.web.search.openaiCodex.userLocation.city",
  "tools.web.search.openaiCodex.userLocation.country",
  "tools.web.search.openaiCodex.userLocation.region",
  "tools.web.search.openaiCodex.userLocation.timezone",
  "tools.web.search.provider",
  "transcripts.enabled",
  "tts.auto",
  "tts.persona",
  "tts.personas.*.providers.*.apiKey",
  "tts.personas.*.providers.*.apiKey.id",
  "tts.personas.*.providers.*.apiKey.provider",
  "tts.personas.*.providers.*.apiKey.source",
  "tts.provider",
  "tts.providers.*.apiKey",
  "tts.providers.*.apiKey.id",
  "tts.providers.*.apiKey.provider",
  "tts.providers.*.apiKey.source",
  "ui.assistant.avatar",
  "ui.assistant.name",
  "ui.prefs.chatFollowUpMode",
  "ui.prefs.chatPersistCommentary",
  "ui.prefs.chatSendShortcut",
  "ui.prefs.chatShowThinking",
  "ui.prefs.chatShowToolCalls",
  "ui.prefs.locale",
  "ui.prefs.theme",
  "ui.prefs.themeMode",
  "update.auto.enabled",
  "update.channel",
  "wizard.accessMode",
  "wizard.appRecommendations",
]
`;
